     1                                  %include "../include/define.s"
     2                              <1>     SECT_SIZE equ (512)                     ; セクタサイズ
     3                              <1> 
     4                              <1>     BOOT_SIZE equ (1024 * 8)                ; ブートコードサイズ
     5                              <1>     KERNEL_SIZE equ (1024 * 8)              ; カーネルサイズ
     6                              <1> 
     7                              <1>     KERNEL_LOAD equ 0x0010_1000             ; カーネルのロード位置
     8                              <1> 
     9                              <1>     E820_RECORD_SIZE equ 20
    10                              <1> 
    11                              <1>     BOOT_LOAD equ 0x7C00                    ; ブートプログラムのロード位置
    12                              <1>     BOOT_END equ (BOOT_LOAD + BOOT_SIZE)    ; ブートコードの終了位置
    13                              <1> 
    14                              <1>     BOOT_SECT equ (BOOT_SIZE / SECT_SIZE)   ; ブートコードのセクタ数
    15                              <1>     KERNEL_SECT equ (KERNEL_SIZE / SECT_SIZE)   ; カーネルのセクタ数
     2                                  %include "../include/macro.s"
     3                              <1> ; C言語と同等の関数呼び出し
     4                              <1> %macro cdecl 1-*.nolist ; 可変引数, リスト出力の抑止
     5                              <1> 
     6                              <1>     %rep %0 - 1         ; 引数の数-1回
     7                              <1>         push %{-1:-1}   ; 一番最後の引数
     8                              <1>         %rotate -1      ; 一番最後の引数を先頭に移動
     9                              <1>     %endrep
    10                              <1>     %rotate -1      ; 回転をもとに戻す
    11                              <1> 
    12                              <1>     call %1         ; 第１引数を呼び出し
    13                              <1> 
    14                              <1>     %if 1 < %0
    15                              <1>         add sp, (__BITS__ >> 3) * (%0 - 1)  ; cpuのbyte数(bit数/8) * 引数の数-1
    16                              <1>     %endif
    17                              <1> %endmacro
    18                              <1> 
    19                              <1> struc drive
    20 00000000 ????                <1>     .no resw 1      ; ドライブ番号
    21 00000002 ????                <1>     .cyln resw 1    ; シリンダ
    22 00000004 ????                <1>     .head resw 1    ; ヘッド
    23 00000006 ????                <1>     .sect resw 1    ; セクタ
    24                              <1> endstruc
     3                                  
     4                                      ORG KERNEL_LOAD
     5                                  
     6                                  [BITS 32]   ; 32bitコードを生成
     7                                  
     8                                  ; エントリポイント
     9                                  kernel:
    10                                      ; 処理の終了
    11 00000000 EBFE                        jmp $
    12                                  
    13                                  ;パディング
    14 00000002 00<rep 1FFEh>               times KERNEL_SIZE - ($ - $$) db 0
    15                                  
